192.168.0.5 - - [16/Jul/2025:12:00:00 +0000] "POST /login HTTP/1.1" 401 222 "-" "Mozilla/5.0"
192.168.0.5 - - [16/Jul/2025:12:00:01 +0000] "POST /login HTTP/1.1" 401 222 "-" "Mozilla/5.0"
192.168.0.5 - - [16/Jul/2025:12:00:02 +0000] "POST /login HTTP/1.1" 401 222 "-" "Mozilla/5.0"
192.168.0.5 - - [16/Jul/2025:12:00:03 +0000] "POST /login HTTP/1.1" 401 222 "-" "Mozilla/5.0"
10.0.0.1 - - [16/Jul/2025:12:10:10 +0000] "GET /product?id=1%20OR%201=1 HTTP/1.1" 200 333 "-" "Mozilla/5.0"
172.16.1.2 - - [16/Jul/2025:13:01:00 +0000] "GET /admin HTTP/1.1" 200 1337 "-" "Mozilla/5.0"
1.2.3.4 - - [16/Jul/2025:14:00:00 +0000] "GET /page1 HTTP/1.1" 200 111 "-" "Mozilla/5.0"
1.2.3.4 - - [16/Jul/2025:14:00:05 +0000] "GET /page2 HTTP/1.1" 200 111 "-" "Mozilla/5.0"
1.2.3.4 - - [16/Jul/2025:14:00:10 +0000] "GET /page3 HTTP/1.1" 200 111 "-" "Mozilla/5.0"
1.2.3.4 - - [16/Jul/2025:14:00:15 +0000] "GET /page4 HTTP/1.1" 200 111 "-" "Mozilla/5.0"
1.2.3.4 - - [16/Jul/2025:14:00:20 +0000] "GET /page5 HTTP/1.1" 200 111 "-" "Mozilla/5.0"
1.2.3.4 - - [16/Jul/2025:14:00:25 +0000] "GET /page6 HTTP/1.1" 200 111 "-" "Mozilla/5.0"
1.2.3.4 - - [16/Jul/2025:14:00:30 +0000] "GET /page7 HTTP/1.1" 200 111 "-" "Mozilla/5.0"
1.2.3.4 - - [16/Jul/2025:14:00:35 +0000] "GET /page8 HTTP/1.1" 200 111 "-" "Mozilla/5.0"
1.2.3.4 - - [16/Jul/2025:14:00:40 +0000] "GET /page9 HTTP/1.1" 200 111 "-" "Mozilla/5.0"
1.2.3.4 - - [16/Jul/2025:14:00:45 +0000] "GET /page10 HTTP/1.1" 200 111 "-" "Mozilla/5.0"
8.8.8.8 - - [16/Jul/2025:15:01:01 +0000] "GET /secret HTTP/1.1" 200 333 "-" "sqlmap"
7.7.7.7 - - [16/Jul/2025:16:01:01 +0000] "GET /.env HTTP/1.1" 200 111 "-" "Mozilla/5.0"
1.1.1.1 - - [16/Jul/2025:12:22:22 +0000] "GET /items?id=5 UNION SELECT password FROM users HTTP/1.1" 200 555 "-" "Mozilla/5.0"
2.2.2.2 - - [16/Jul/2025:11:00:00 +0000] "POST /login HTTP/1.1" 403 555 "-" "Mozilla/5.0"
2.2.2.2 - - [16/Jul/2025:11:00:10 +0000] "POST /login HTTP/1.1" 403 555 "-" "Mozilla/5.0"
2.2.2.2 - - [16/Jul/2025:11:00:15 +0000] "POST /login HTTP/1.1" 403 555 "-" "Mozilla/5.0"
2.2.2.2 - - [16/Jul/2025:11:00:20 +0000] "POST /login HTTP/1.1" 403 555 "-" "Mozilla/5.0"
5.5.5.5 - - [16/Jul/2025:11:11:00 +0000] "POST /login HTTP/1.1" 401 333 "-" "Mozilla/5.0"
5.5.5.5 - - [16/Jul/2025:11:11:10 +0000] "POST /login HTTP/1.1" 401 333 "-" "Mozilla/5.0"
5.5.5.5 - - [16/Jul/2025:11:11:20 +0000] "POST /login HTTP/1.1" 401 333 "-" "Mozilla/5.0"
5.5.5.5 - - [16/Jul/2025:11:11:30 +0000] "GET /search.php?q=1+UNION+SELECT+password HTTP/1.1" 200 333 "-" "Mozilla/5.0"
5.5.5.5 - - [16/Jul/2025:11:11:40 +0000] "POST /login HTTP/1.1" 401 333 "-" "Mozilla/5.0"
13.13.13.13 - - [16/Jul/2025:17:00:00 +0000] "POST /login HTTP/1.1" 401 111 "-" "Mozilla/5.0"
13.13.13.13 - - [16/Jul/2025:17:00:05 +0000] "POST /login HTTP/1.1" 401 111 "-" "Mozilla/5.0"
13.13.13.13 - - [16/Jul/2025:17:00:09 +0000] "POST /login HTTP/1.1" 401 111 "-" "Mozilla/5.0"
13.13.13.13 - - [16/Jul/2025:17:00:15 +0000] "POST /login HTTP/1.1" 401 111 "-" "Mozilla/5.0"
